{
  "database": ":memory:",
  "limitations": [
    "FTS5 lexical ranking",
    "caller-selected queries"
  ],
  "observed_at": "2026-08-09T12:20:18.352211+00:00",
  "semantic": [
    {
      "query": "safety",
      "top_result_changed": false
    }
  ],
  "structural": {
    "added": [],
    "modified": [],
    "removed": []
  },
  "versions": [
    1,
    2
  ]
}
{
  "database": ":memory:",
  "limitations": [
    "FTS5 lexical ranking",
    "caller-selected queries"
  ],
  "observed_at": "2026-08-30T12:24:29.961700+00:00",
  "semantic": [
    {
      "query": "safety",
      "top_result_changed": false
    }
  ],
  "structural": {
    "added": [],
    "modified": [],
    "removed": []
  },
  "versions": [
    1,
    2
  ]
}
{
  "database": ":memory:",
  "limitations": [
    "FTS5 lexical ranking",
    "caller-selected queries"
  ],
  "observed_at": "2026-09-06T12:06:10.245109+00:00",
  "semantic": [
    {
      "query": "alignment",
      "top_result_changed": false
    }
  ],
  "structural": {
    "added": [],
    "modified": [],
    "removed": []
  },
  "versions": [
    1,
    2
  ]
}
{
  "database": ":memory:",
  "limitations": [
    "FTS5 lexical ranking",
    "caller-selected queries"
  ],
  "observed_at": "2026-09-13T12:02:00.200159+00:00",
  "semantic": [
    {
      "query": "SELECT 1",
      "top_result_changed": false
    }
  ],
  "structural": {
    "added": [],
    "modified": [],
    "removed": []
  },
  "versions": [
    1,
    2
  ]
}
{
  "database": ":memory:",
  "limitations": [
    "FTS5 lexical ranking",
    "caller-selected queries"
  ],
  "observed_at": "2026-09-20T12:08:45.684150+00:00",
  "semantic": [
    {
      "query": "placeholder query",
      "top_result_changed": false
    }
  ],
  "structural": {
    "added": [],
    "modified": [],
    "removed": []
  },
  "versions": [
    1,
    2
  ]
}
{
  "database": ":memory:",
  "limitations": [
    "FTS5 lexical ranking",
    "caller-selected queries"
  ],
  "observed_at": "2026-09-20T12:10:34.991818+00:00",
  "semantic": [
    {
      "query": "placeholder query",
      "top_result_changed": false
    }
  ],
  "structural": {
    "added": [],
    "modified": [],
    "removed": []
  },
  "versions": [
    1,
    2
  ]
}
{
  "database": ":memory:",
  "limitations": [
    "FTS5 lexical ranking",
    "caller-selected queries"
  ],
  "observed_at": "2026-09-20T12:11:42.645596+00:00",
  "semantic": [
    {
      "query": "placeholder query",
      "top_result_changed": false
    }
  ],
  "structural": {
    "added": [],
    "modified": [],
    "removed": []
  },
  "versions": [
    1,
    2
  ]
}
